Starting project at D:\AI_try\My_Sleep_Dream
Starting Metro Bundler
warning: Bundler cache is empty, rebuilding (this may take a minute)
Waiting on http://localhost:8081
Logs for your project will appear below.
Web Bundled 11506ms node_modules\expo-router\entry.js (1011 modules)
Web Bundled 984ms node_modules\expo-router\entry.js (1 module)
 LOG  [web] Logs will appear in the browser console
Web Bundled 54ms node_modules\expo-router\entry.js (1 module)
 LOG  [web] Logs will appear in the browser console
Web Bundled 59ms node_modules\expo-router\entry.js (1 module)
 LOG  [web] Logs will appear in the browser console
Web Bundled 50ms node_modules\expo-router\entry.js (1 module)
 LOG  [web] Logs will appear in the browser console
Web Bundled 65ms node_modules\expo-router\entry.js (1 module)
 LOG  [web] Logs will appear in the browser console
Web Bundled 56ms node_modules\expo-router\entry.js (1 module)
 LOG  [web] Logs will appear in the browser console
Web Bundled 60ms node_modules\expo-router\entry.js (1 module)
 LOG  [web] Logs will appear in the browser console
Web Bundled 66ms node_modules\expo-router\entry.js (1 module)
 LOG  [web] Logs will appear in the browser console
Web Bundled 56ms node_modules\expo-router\entry.js (1 module)
 LOG  [web] Logs will appear in the browser console
Web Bundled 43ms node_modules\expo-router\entry.js (1 module)
 LOG  [web] Logs will appear in the browser console
Web Bundled 54ms node_modules\expo-router\entry.js (1 module)
 LOG  [web] Logs will appear in the browser console
Web Bundled 66ms node_modules\expo-router\entry.js (1 module)
 LOG  [web] Logs will appear in the browser console
Web Bundled 50ms node_modules\expo-router\entry.js (1 module)
 LOG  [web] Logs will appear in the browser console
Web Bundled 56ms node_modules\expo-router\entry.js (1 module)
 LOG  [web] Logs will appear in the browser console
Web Bundled 58ms node_modules\expo-router\entry.js (1 module)
 LOG  [web] Logs will appear in the browser console
Web Bundled 59ms node_modules\expo-router\entry.js (1 module)
 LOG  [web] Logs will appear in the browser console
Web Bundled 35ms node_modules\expo-router\entry.js (1 module)
 LOG  [web] Logs will appear in the browser console
Web Bundled 60ms node_modules\expo-router\entry.js (1 module)
 LOG  [web] Logs will appear in the browser console
